// Jest Snapshot v1, https://goo.gl/fbAQLP

exports[`Bridge renders correctly 1`] = `
<h1>
  Something went wrong.
</h1>
`;
