// Jest Snapshot v1, https://goo.gl/fbAQLP

exports[`Unit Testing for zeroBRIDGE renders input correctly 1`] = `
<div
  className="w-fit self-center px-0 py-0 scale-[0.8] md:scale-[1]"
>
  <div
    className="w-fit flex items-center justify-between gap-10 dark:bg-gray-600 bg-gray-50 px-2 rounded-2xl"
  >
    <div>
      <p
        className="text-[10px] text-gray-500 whitespace-nowrap mb-1"
      >
        FROM
      </p>
      <span
        className="flex items-center gap-2"
      >
        <svg
          className="w-max h-[2rem] fill-gray-400"
          fill="currentColor"
          height="1em"
          stroke="currentColor"
          strokeWidth="0"
          style={
            Object {
              "color": undefined,
            }
          }
          viewBox="0 0 512 512"
          width="1em"
          xmlns="http://www.w3.org/2000/svg"
        >
          <path
            d="M504 256c0 136.967-111.033 248-248 248S8 392.967 8 256 119.033 8 256 8s248 111.033 248 248zm-141.651-35.33c4.937-32.999-20.191-50.739-54.55-62.573l11.146-44.702-27.213-6.781-10.851 43.524c-7.154-1.783-14.502-3.464-21.803-5.13l10.929-43.81-27.198-6.781-11.153 44.686c-5.922-1.349-11.735-2.682-17.377-4.084l.031-.14-37.53-9.37-7.239 29.062s20.191 4.627 19.765 4.913c11.022 2.751 13.014 10.044 12.68 15.825l-12.696 50.925c.76.194 1.744.473 2.829.907-.907-.225-1.876-.473-2.876-.713l-17.796 71.338c-1.349 3.348-4.767 8.37-12.471 6.464.271.395-19.78-4.937-19.78-4.937l-13.51 31.147 35.414 8.827c6.588 1.651 13.045 3.379 19.4 5.006l-11.262 45.213 27.182 6.781 11.153-44.733a1038.209 1038.209 0 0 0 21.687 5.627l-11.115 44.523 27.213 6.781 11.262-45.128c46.404 8.781 81.299 5.239 95.986-36.727 11.836-33.79-.589-53.281-25.004-65.991 17.78-4.098 31.174-15.792 34.747-39.949zm-62.177 87.179c-8.41 33.79-65.308 15.523-83.755 10.943l14.944-59.899c18.446 4.603 77.6 13.717 68.811 48.956zm8.417-87.667c-7.673 30.736-55.031 15.12-70.393 11.292l13.548-54.327c15.363 3.828 64.836 10.973 56.845 43.035z"
          />
        </svg>
        <p
          className="dark:text-white text-gray-500"
        >
          BTC
        </p>
      </span>
    </div>
    <div
      className="w-fit p-2"
    >
      <input
        className="dark:bg-gray-600 dark:text-white form-input text-center border-0 focus:ring-0 text-md font-medium text-gray-600 bg-transparent caret-green-500 z-40 w-fit max-w-[5rem] rounded-xl bg-gray-100"
        id="transfer-amount"
        type="number"
        value={0}
      />
    </div>
  </div>
  <div
    className=" xl:mr-5 italic font-light tracking-wider w-full text-right text-[10px] text-emerald-500"
  >
    ~ USD 
  </div>
</div>
`;
